[0m14:03:31.982756 [debug] [MainThread]: Sending event: {'category': 'dbt', 'action': 'invocation', 'label': 'start', 'context': [<snowplow_tracker.self_describing_json.SelfDescribingJson object at 0x7f1a9c7d4ad0>, <snowplow_tracker.self_describing_json.SelfDescribingJson object at 0x7f1a9c7d6650>, <snowplow_tracker.self_describing_json.SelfDescribingJson object at 0x7f1a9c7d4ed0>]}


============================== 14:03:31.988111 | 148c06ee-564b-4cbc-b783-1100b53ddde7 ==============================
[0m14:03:31.988111 [info ] [MainThread]: Running with dbt=1.10.17
[0m14:03:31.988840 [debug] [MainThread]: running dbt with arguments {'log_cache_events': 'False', 'static_parser': 'True', 'log_path': 'logs', 'use_colors': 'True', 'use_experimental_parser': 'False', 'debug': 'False', 'cache_selected_only': 'False', 'partial_parse': 'True', 'invocation_command': 'dbt init dbt_hdb_resale', 'fail_fast': 'False', 'target_path': 'None', 'warn_error_options': 'WarnErrorOptionsV2(error=[], warn=[], silence=[])', 'profiles_dir': '/home/sctp/.dbt', 'indirect_selection': 'eager', 'send_anonymous_usage_stats': 'True', 'log_format': 'default', 'printer_width': '80', 'version_check': 'True', 'introspect': 'True', 'empty': 'None', 'quiet': 'False', 'write_json': 'True', 'no_print': 'None', 'warn_error': 'None'}
[0m14:03:32.027436 [debug] [MainThread]: Starter project path: /home/sctp/miniconda3/envs/hdb-dagster/lib/python3.11/site-packages/dbt/include/starter_project
[0m14:03:32.041242 [info ] [MainThread]: 
Your new dbt project "dbt_hdb_resale" was created!

For more information on how to configure the profiles.yml file,
please consult the dbt documentation here:

  https://docs.getdbt.com/docs/configure-your-profile

One more thing:

Need help? Don't hesitate to reach out to us via GitHub issues or on Slack:

  https://community.getdbt.com/

Happy modeling!

[0m14:03:32.042184 [info ] [MainThread]: Setting up your profile.
[0m14:03:40.589812 [debug] [MainThread]: Resource report: {"command_name": "init", "command_success": true, "command_wall_clock_time": 8.683572, "process_in_blocks": "51088", "process_kernel_time": 0.446353, "process_mem_max_rss": "103800", "process_out_blocks": "72", "process_user_time": 1.612501}
[0m14:03:40.591140 [debug] [MainThread]: Command `dbt init` succeeded at 14:03:40.590822 after 8.69 seconds
[0m14:03:40.592033 [debug] [MainThread]: Sending event: {'category': 'dbt', 'action': 'invocation', 'label': 'end', 'context': [<snowplow_tracker.self_describing_json.SelfDescribingJson object at 0x7f1a9c7d49d0>, <snowplow_tracker.self_describing_json.SelfDescribingJson object at 0x7f1aa10ae990>, <snowplow_tracker.self_describing_json.SelfDescribingJson object at 0x7f1a9d6b4410>]}
[0m14:03:40.592547 [debug] [MainThread]: Flushing usage events
[0m14:03:41.653528 [debug] [MainThread]: An error was encountered while trying to flush usage events
